RT-11 LINK  V05.45 	Load Map 	Tuesday 05-Jan-2021 19:51  Page 1
VUP   .SAV   	Title:	VUINF 	Ident:	000004	/B:002000

Section  Addr	Size	Global	Value	Global	Value	Global	Value

 . ABS.	 000000	002000 = 512.    words  (RW,I,GBL,ABS,OVR)
			IMAINF	000000	$$DTOA	000000	BPT.  	000003	
			.OHAND	000003	C$PMTR	000004	C$AUTO	177766	
 $OHAND	 002000	000106 = 35.     words  (RW,I,GBL,REL,CON)
			$OVRH 	002002	O$READ	002024	O$DONE	002036	
			$ODF1 	002102	$ODF2 	002104	
 $OTABL	 002106	000126 = 43.     words  (RW,D,GBL,REL,OVR)
			$OVTAB	002106	
 	 002234	000134 = 46.     words  (RW,I,LCL,REL,CON)
			I$MUSE	002234	I$MIDT	002260	I$MNAM	002332	
			I$MDAG	002336	I$MDAT	002340	
 C$CODE	 002370	027074 = 5918.   words  (RO,I,LCL,REL,CON)
			START 	002370	CM.SQU	002426	CM.INI	002452	
			VU.CMD	002600	VU.ALC	003426	VU.RST	003512	
			VU.OPN	003604	VU.CLN	003742	VU.CLO	004030	
			VU.GET	004102	VU.REA	004152	VU.PUT	004260	
			VU.WRI	004330	VU.MSG	004436	VU.INV	004532	
			BS$OPN	004556	BS$GET	004624	BS$UNG	004750	
			BS$PUT	005012	BS$FLU	005254	BS$SEE	005332	
			SPRINT	005520	$$LTOA	005624	PRINTF	006160	
			CC.PRT	006212	$$PRNT	006212	CSV$  	007360	
			C$SAV 	007360	C$RET 	007376	CRET$ 	007376	
			C$RETS	007406	CC$SAV	007414	CC$NOP	007430	
			CC$S23	007432	CC$STA	007446	CC$EXI	007460	
			CC$QUI	007464	CC.QUI	007464	CL.SIN	007470	
			CO.PRM	007476	CL.CMX	007476	CL.CMD	007510	
			CL$CMD	007512	CO.CTC	007652	FB$BUF	007724	
			FB$CLR	007762	FB$REA	010012	FB$WRI	010014	
			FI$EXI	010114	FX.CLO	010160	FI.CLO	010172	
			FI.PRG	010174	FI$CLO	010200	FX.OPN	010456	
			FI.OPN	010464	FI$OPN	010470	FI$OPR	011156	
			FI.PCH	011404	FI.PTB	011404	PUTC  	011404	
			$$PUTC	011426	FI$PCH	011444	FI.REP	011516	
			FI$REP	011550	FI.SPC	011604	FI.ZAP	011616	
			IM.INI	011636	IM$NOP	011650	IM.REP	011652	
			IM.WAR	011672	IM.ERR	011706	IM.FAT	011722	
			IM.EXI	011734	IM$REP	011744	ME.ALC	012064	
			ME$ALC	012122	ME.ACC	012352	ME.CLR	012410	
			ME.COP	012512	ME.DLC	012674	ME.INI	012730	
			ME.MAP	012750	ME.MAX	012756	ME.MOV	013004	
			ME.SAV	013360	ME.RES	013422	RD.ALC	013432	
			RD.SEC	013504	RD.DLC	013542	RD.CLR	013600	
			RD.FST	013652	RD.NXT	013732	RD.END	014042	
			RD.MOV	014106	RD.TEM	014146	RD.VAL	014410	
			RD.SUC	014430	RD.GET	014462	RD.UPD	014700	
			RD.PUT	014742	RD.S2B	015054	RD.STA	015100	
			RD.REP	015132	RD.RED	015216	RD.CAL	015374	
			RD.EXP	015522	RD.SPL	015704	RD.LNK	016542	
			RD.CRE	017064	RD.SIZ	017500	RD.EXT	017626	
			RD.TRU	017764	RD.FND	020170	RD.LOC	020416	
			RD.INI	020672	RD.SAV	021124	RD.RES	021212	
			RD.DET	021344	RD.CHK	021420	RD.BLK	021602	
			RD.DEM	021722	RD.BAD	022226	RD.DMP	022340	
			BD.ALC	022714	BD.DLC	023024	BD.SCN	023046	
			BD.ENT	023670	BD.LST	024066	BD.MAP	024676	
RT-11 LINK  V05.45 	Load Map 	Tuesday 05-Jan-2021 19:51  Page 2
VUP   .SAV   	Title:	VUINF 	Ident:	000004	/B:002000

			BD.REP	025260	RT.CLA	025412	RT.CST	026002	
			RT.DST	026042	RT.FET	026132	RT.FTM	026224	
			RT.HTZ	026360	RT.PRM	026422	RT.QRY	026506	
			RT.OPR	026704	RT.REA	026712	RT.WRI	026714	
			RT.CNT	026762	FB$REL	026774	RT.REL	027020	
			RX.SPC	027122	RX.FMT	027150	RX.SCN	027314	
			RX.UNP	027404	RX$UNP	027432	FI.DEF	027560	
			FI.LOC	030250	FS.EXT	030276	ME.CMP	030616	
			ST.COP	030670	ST.DUP	030720	ST.FND	031004	
			ST.INS	031102	ST.LEN	031166	ST.MOV	031216	
			ST.MEM	031270	ASR$U 	031342	ASR$I 	031400	
			ASL$I 	031404	MUL$I 	031416	DIV$I 	031432	
			MOD$I 	031446	
 C$DATA	 031464	002644 = 722.    words  (RW,D,LCL,REL,CON)
			CMASPC	031640	CMVOPT	032246	CMVCRE	032250	
			CMILST	032252	CMIST1	032256	CMIST2	032262	
			CMVSEG	032266	CMVRET	032270	CMVEXT	032272	
			CMVDRV	032274	CMVONL	032276	CMVWAI	032300	
			CMVNOQ	032302	CMVWRD	032304	CMPCMD	032306	
			VUIDEV	032672	VUIBOO	032734	VUIHOM	032776	
			VUIROO	033040	VUISEG	033102	VUIDRV	033144	
			VUIBAS	033206	VUIMON	033250	VUISRC	033312	
			VUIDST	033354	VUAOBJ	033416	C$CEXI	033444	
			F$IMAP	033464	F$IMPX	033520	PSTDIN	033522	
			STDIN 	033522	PSTDER	033524	STDOUT	033524	
			PSTDOU	033524	F$BOPR	033622	F$IFLU	033660	
			F$IEXI	033662	F$IOPN	033676	FIVALC	033706	
			F$IIOB	033710	F$ISPC	033720	F$INEW	033730	
			F$IDST	033740	F$ICST	033750	IMPPRE	033764	
			IMPFAC	033766	IMPWAR	033770	IMPERR	033772	
			IMPFAT	033774	IMPEXI	033776	IMPREP	034000	
			MEVMAX	034002	M$ESIG	034004	M$EBAS	034006	
			M$ELIM	034010	R$THTZ	034140	FIADEF	034304	
 C$STRN	 034330	001233 = 334.    words  (RW,D,LCL,REL,CON)
 C$MWCN	 035564	000074 = 30.     words  (RO,D,LCL,REL,CON)
 C$STCN	 035660	000376 = 127.    words  (RO,D,LCL,REL,CON)
			M$EINS	036117	M$ECOR	036155	R$XFIL	036252	
 Segment size = 036256 = 7767.   words

Overlay region	000001	Segment 000001
 C$CODE	 036260	006474 = 1694.   words  (RO,I,LCL,REL,CON)
			CM.COP@	036260	CM.BOO@	037316	BT.CHK	037422	
			BT.SUF	037512	BT.DRV	037554	BT.INF	037776	
			BT.PUT	040432	BT.SPC	040514	FI.GCH	040556	
			GETC  	040556	FI.GTB	040556	FI$GCH	040574	
			FI.REA	040676	FI.SEE	040766	FI.WRI	041104	
			RS.EXI	041210	RS.DET	041232	RT.BOO	041250	
			RT$BOO	041544	RT.DRV	043722	RT.FBM	044600	
			RT.XMM	044606	RX.PCK	044626	
 C$DATA	 044754	001366 = 379.    words  (RW,D,LCL,REL,CON)
			CTATAB	046142	
 C$STRN	 046342	000321 = 105.    words  (RW,D,LCL,REL,CON)
 C$MWCN	 046664	000014 = 6.      words  (RO,D,LCL,REL,CON)
 C$STCN	 046700	000023 = 10.     words  (RO,D,LCL,REL,CON)
 Segment size = 010444 = 2194.   words

Overlay region	000001	Segment 000002
RT-11 LINK  V05.45 	Load Map 	Tuesday 05-Jan-2021 19:51  Page 3
VUP   .SAV   	Title:	VUINF 	Ident:	000004	/B:002000

 C$CODE	 036260	002214 = 582.    words  (RO,I,LCL,REL,CON)
			CM.CRE@	036260	CR.CLA	037320	CM.SIZ@	037460	
			FI.MIS	040400	
 C$DATA	 040474	000024 = 10.     words  (RW,D,LCL,REL,CON)
			EXT   	040474	
 C$STRN	 040520	000400 = 128.    words  (RW,D,LCL,REL,CON)
 C$STCN	 041120	000026 = 11.     words  (RO,D,LCL,REL,CON)
 Segment size = 002666 = 731.    words

Overlay region	000001	Segment 000003
 C$CODE	 036260	003576 = 959.    words  (RO,I,LCL,REL,CON)
			CM.IMG@	036260	BL.TRN	040000	BL.VER	040364	
			IM.TRN	041152	IM.RET	041474	ME.CMW	041662	
 C$DATA	 042056	000060 = 24.     words  (RW,D,LCL,REL,CON)
			SRC   	042056	DST   	042106	
 C$STRN	 042136	000532 = 173.    words  (RW,D,LCL,REL,CON)
 C$MWCN	 042670	000014 = 6.      words  (RO,D,LCL,REL,CON)
 Segment size = 004424 = 1162.   words

Overlay region	000001	Segment 000004
 C$CODE	 036260	003622 = 969.    words  (RO,I,LCL,REL,CON)
			VU.INI@	036260	IN.CLA	037662	IN.LAB	041504	
			IN.CAS	041740	IN.MAG	042000	ST.SAM	042040	
 C$DATA	 042102	001426 = 395.    words  (RW,D,LCL,REL,CON)
			INADEV	043166	VUABOO	043346	
 C$STRN	 043530	001215 = 327.    words  (RW,D,LCL,REL,CON)
 Segment size = 006466 = 1691.   words

Overlay region	000001	Segment 000005
 C$CODE	 036260	000522 = 169.    words  (RO,I,LCL,REL,CON)
			CM.DIR@	036260	
 C$DATA	 037002	000000 = 0.      words  (RW,D,LCL,REL,CON)
 C$STRN	 037002	000127 = 44.     words  (RW,D,LCL,REL,CON)
 Segment size = 000652 = 213.    words


Transfer address = 007446, High limit = 046722 = 9961.   words
RT-11 LINK  V05.45  Global Symbol Cross Reference Table  Page 1


$$DTOA $$PRNT+ 
$$LTOA $$LTOA#+ $$PRNT+ 
$$PRNT $$PRNT#+ PRINTF+  SPRINT+ 
$$PUTC $$PRNT+  FIPCH#+ 
$ODF1  OHANDL#+
$ODF2  OHANDL#+
$OVDF1 OHANDL+ 
$OVDF2 OHANDL+ 
$OVRH  OHANDL#+
$OVTAB OHANDL#+
.OHAND OHANDL#+
ASL$I  ASR$U+   EIS$I#+ 
ASR$I  EIS$I#+ 
ASR$U  ASR$U#+  RTBAD+   VUIMG   
BD.ALC RTBAD#+  VUBAD    VUINI   
BD.DLC RTBAD#+ 
BD.ENT RTBAD#+ 
BD.LST RTBAD#+  VUBAD   
BD.MAP RTBAD#+  VUROO   
BD.REP RTBAD#+  VUBAD    VUROO   
BD.SCN RTBAD#+  VUBAD    VUROO   
BL.TRN VUIMG#  
BL.VER VUIMG#  
BPT.   BSENG#+  CCSAV#+  CLCMD#+  COCTC#+  FBBUF#+  FBREA#+  FICLO#+ 
       FIDAT#+  FIGCH#+  FIMIS#+  FIOPN#+  FIOPR#+  FIPCH#+  FIREA#+ 
       FIREP#+  FISEE#+  FISPC#+  FIWRI#+  FIZAP#+  IMMOD#+  IMREP#+ 
       MEACC#+  MEALC#+  MECLR#+  MECMW#+  MEDLC#+  MEINI#+  MEMAP#+ 
       MEMAX#+  MESAV#+  RSDET#+  RSEXI#+  RT#+     RTBOO#+  RTCLA#+ 
       RTCST#+  RTDST#+  RTFET#+  RTFTM#+  RTHTZ#+  RTQRY#+  RTREA#+ 
       RTREL#+  RTXMM#+  RXFMT#+  RXPCK#+  RXSCN#+  RXUNP#+  SPRINT#+
       VUCMD#   VUTEM#  
BS$FLU BSENG#+  FICLO+  
BS$GET BSENG#+  FIGCH+  
BS$OPN BSENG#+  FIOPN+  
BS$PUT BSENG#+  FIPCH+  
BS$SEE BSENG#+  FISEE+  
BS$UNG BSENG#+ 
BT.CHK BTMOD#+  VUCOP   
BT.DRV BTMOD#+  VUCOP   
BT.INF BTMOD#+ 
BT.PUT BTMOD#+ 
BT.SPC BTMOD#+ 
BT.SUF BTMOD#+  VUCOP   
C$AUTO CCSAV#+ 
C$CEXI CCSAV#+  FIOPN+  
C$PMTR $$LTOA+  $$PRNT+  CCSAV#+  PRINTF+  SPRINT+ 
C$RET  CCSAV#+ 
C$RETS CCSAV#+ 
C$SAV  CCSAV#+ 
CC$EXI CCSAV#+ 
CC$NOP CCSAV#+  FIDAT+  
CC$QUI CCSAV#+ 
CC$S23 CCSAV#+ 
CC$SAV CCSAV#+ 
CC$STA CCSAV#+ 
CC.PRT $$PRNT#+
CC.QUI CCSAV#+ 
RT-11 LINK  V05.45  Global Symbol Cross Reference Table  Page 2


CL$CMD CLCMD#+ 
CL.CMD CLCMD#+  VUCMD   
CL.CMX CLCMD#+ 
CL.SIN CLCMD#+ 
CM.BOO VUBOO#   VUCMD   
CM.COP VUCMD    VUCOP#  
CM.CRE VUCMD    VUCRE#  
CM.DIR VUBAD#   VUCMD   
CM.IMG VUCMD    VUIMG#  
CM.INI VUCMD    VUROO#  
CM.SIZ VUCMD    VUCRE#  
CM.SQU VUCMD    VUROO#  
CMASPC VUBAD    VUBOO    VUCMD#   VUCOP    VUCRE    VUIMG    VUINI   
CMILST VUBAD    VUCMD#   VUCRE    VUIMG   
CMIST1 VUBAD    VUCMD#   VUCRE    VUIMG   
CMIST2 VUCMD#   VUIMG   
CMPCMD VUCMD#  
CMVCRE VUCMD#  
CMVDRV VUCMD#   VUCOP   
CMVEXT VUCMD#   VUCRE   
CMVNOQ VUCMD#   VUIMG    VUINI   
CMVONL VUCMD#   VUINI   
CMVOPT VUBAD    VUBOO    VUCMD#   VUCRE    VUIMG    VUINI    VUROO   
CMVRET VUCMD#   VUINI    VUROO   
CMVSEG VUCMD#   VUCRE    VUINI   
CMVWAI VUCMD#  
CMVWRD VUCMD#   VUINI   
CO.CTC COCTC#+  RTBAD+  
CO.PRM CLCMD#+ 
CR.CLA VUCRE#  
CRET$  $$LTOA+  $$PRNT+  BTMOD+   CCSAV#+  FIDEF+   FILOC+   FSEXT+  
       MECMP+   MECOP+   MEMOV+   PRINTF+  RDMOD+   RTBAD+   RTDRV+  
       SPRINT+  STCOP+   STDUP+   STFND+   STINS+   STLEN+   STMEM+  
       STMOV+   STSAM+   VUBAD    VUBOO    VUCOP    VUCRE    VUIMG   
       VUINI    VUROO    VUUTL   
CSV$   $$LTOA+  $$PRNT+  BTMOD+   CCSAV#+  FIDEF+   FILOC+   FSEXT+  
       MECMP+   MECOP+   MEMOV+   PRINTF+  RDMOD+   RTBAD+   RTDRV+  
       SPRINT+  STCOP+   STDUP+   STFND+   STINS+   STLEN+   STMEM+  
       STMOV+   STSAM+   VUBAD    VUBOO    VUCOP    VUCRE    VUIMG   
       VUINI    VUROO    VUUTL   
CTATAB CTMOD#+  RTDRV+  
DIV$I  EIS$I#+ 
DST    VUIMG#  
EXT    VUCRE#  
F$BOPR FIDAT#+ 
F$ICST FIOPR#+ 
F$IDST FIOPN+   FIOPR#+  RTCLA+   RTDST+   RTFET+   RTREL+  
F$IEXI FICLO+   FIDAT#+  FIOPN+  
F$IFLU FIDAT#+ 
F$IIOB FIOPR#+ 
F$IMAP FICLO+   FIDAT#+  FIOPN+   FIZAP+   RTREL+  
F$IMPX FIDAT#+  FIZAP+  
F$INEW FIOPR#+ 
F$IOPN FIOPN#+ 
F$ISPC FIOPN+   FIOPR#+  RTCLA+   RTDST+   RTFET+   RTREL+  
FB$BUF BSENG+   FBBUF#+ 
FB$CLR BSENG+   FBBUF#+ 
RT-11 LINK  V05.45  Global Symbol Cross Reference Table  Page 3


FB$REA BSENG+   FBREA#+ 
FB$REL RTREL#+ 
FB$WRI BSENG+   FBREA#+ 
FI$CLO FICLO#+ 
FI$EXI FICLO#+  FIOPN+  
FI$GCH FIGCH#+  FIREA+  
FI$OPN FIOPN#+ 
FI$OPR FIOPN+   FIOPR#+ 
FI$PCH FIPCH#+  FIWRI+  
FI$REP FICLO+   FIMIS+   FIOPR+   FIREP#+ 
FI.CLO FICLO#+  FIMIS+   VUCRE    VUIMG    VUUTL   
FI.DEF FIDEF#+  VUUTL   
FI.GCH FIGCH#+ 
FI.GTB FIGCH#+ 
FI.LOC FIDEF+   FILOC#+ 
FI.MIS FIMIS#+  VUCRE   
FI.OPN FIMIS+   FIOPN#+  RTDRV+   VUBAD    VUCRE    VUIMG    VUUTL   
FI.PCH FIPCH#+ 
FI.PRG FICLO#+  RTDRV+   VUUTL   
FI.PTB FIPCH#+ 
FI.REA BTMOD+   FIREA#+  RTDRV+  
FI.REP BTMOD+   FIREP#+ 
FI.SEE BTMOD+   FISEE#+ 
FI.SPC FISPC#+  RTBAD+   VUIMG    VUINI    VUROO   
FI.WRI BTMOD+   FIWRI#+ 
FI.ZAP FIZAP#+  VUCMD   
FIADEF FIDEF#+ 
FIVALC FIOPR#+ 
FS.EXT FSEXT#+  RTDRV+   VUCRE   
FX.CLO FICLO#+  VUCRE   
FX.OPN FIOPN#+  VUCRE    VUIMG   
GETC   FIGCH#+ 
I$MDAG VUINF#  
I$MDAT VUINF#  
I$MIDT VUINF#  
I$MNAM VUINF#  
I$MUSE VUINF#  
IM$NOP IMMOD#+ 
IM$REP IMMOD+   IMREP#+  VUCMD   
IM.ERR IMMOD#+  IMREP+  
IM.EXI IMMOD#+ 
IM.FAT IMMOD#+  IMREP+  
IM.INI IMMOD#+  VUROO   
IM.REP BTMOD+   FIOPN+   FIREP+   IMMOD#+  MEALC+   RDMOD+   RTBAD+  
       RTBOO+   VUBAD    VUCOP    VUCRE    VUIMG    VUINI    VUROO   
       VUUTL   
IM.RET VUIMG#  
IM.TRN VUIMG#  
IM.WAR IMMOD#+  IMREP+  
IMAINF CCSAV+  
IMPERR IMMOD#+ 
IMPEXI IMMOD#+ 
IMPFAC IMMOD#+  IMREP+   RTBAD+  
IMPFAT IMMOD#+ 
IMPPRE IMMOD#+ 
IMPREP IMMOD#+ 
IMPWAR IMMOD#+ 
RT-11 LINK  V05.45  Global Symbol Cross Reference Table  Page 4


IN.CAS VUINI#  
IN.CLA VUINI#  
IN.LAB VUINI#  
IN.MAG VUINI#  
INADEV VUINI#  
M$EBAS MEALC+   MEINI#+ 
M$ECOR MEALC#+ 
M$EINS MEALC#+ 
M$ELIM MEALC+   MEINI#+  RTREL+  
M$ESIG MEALC#+ 
ME$ALC MEALC#+  MEMAP+  
ME.ACC MEACC#+  RDMOD+   RTBAD+   VUUTL   
ME.ALC FBBUF+   FIOPN+   MEACC+   MEALC#+  MESAV+   RTBOO+   RTFET+  
       RTQRY+   STDUP+   VUCRE   
ME.CLR FBBUF+   FIOPN+   MEACC+   MECLR#+  RDMOD+   RTBAD+   RTDRV+  
       VUIMG    VUINI   
ME.CMP MECMP#+  RDMOD+  
ME.CMW MECMW#+  VUIMG   
ME.COP FIDEF+   MECOP#+  RDMOD+   RTBOO+   STINS+   VUINI   
ME.DLC FICLO+   MEDLC#+  MESAV+   RDMOD+   RTBAD+   RTBOO+   RTQRY+  
       RTREL+   VUCRE    VUIMG    VUUTL   
ME.INI MEALC+   MEINI#+ 
ME.MAP MEMAP#+  MEMAX+   RTBAD+   VUIMG   
ME.MAX MEMAX#+  MESAV+   RTBAD+   VUIMG   
ME.MOV MEMOV#+  RDMOD+   STMOV+   VUINI   
ME.RES MESAV#+  VUCMD   
ME.SAV MESAV#+  VUCMD   
MEVMAX MEALC#+  MEMAX+  
MOD$I  EIS$I#+ 
MUL$I  EIS$I#+ 
O$DONE OHANDL#+
O$READ OHANDL#+
PRINTF IMREP+   PRINTF#+ RDMOD+   RTBAD+   VUIMG    VUINI   
PSTDER FIDAT#+ 
PSTDIN FIDAT#+ 
PSTDOU FIDAT#+ 
PUTC   FIPCH#+ 
R$THTZ RTHTZ#+ 
R$XFIL RXFMT+   RXUNP#+ 
RD.ALC RDMOD#+  RTBAD+   VUCRE    VUINI   
RD.BAD RDMOD#+ 
RD.BLK RDMOD#+  VUINI   
RD.CAL RDMOD#+ 
RD.CHK RDMOD#+  VUINI   
RD.CLR RDMOD#+ 
RD.CRE RDMOD#+  RTBAD+   VUCRE   
RD.DEM RDMOD#+  VUINI   
RD.DET RDMOD#+  VUINI   
RD.DLC RDMOD#+  VUCRE   
RD.DMP RDMOD#+ 
RD.END RDMOD#+ 
RD.EXP RDMOD#+ 
RD.EXT RDMOD#+ 
RD.FND RDMOD#+  VUCRE   
RD.FST RDMOD#+ 
RD.GET RDMOD#+  RTBAD+  
RD.INI RDMOD#+  VUINI   
RT-11 LINK  V05.45  Global Symbol Cross Reference Table  Page 5


RD.LNK RDMOD#+ 
RD.LOC RDMOD#+  RTBAD+  
RD.MOV RDMOD#+ 
RD.NXT RDMOD#+ 
RD.PUT RDMOD#+ 
RD.RED RDMOD#+ 
RD.REP RDMOD#+ 
RD.RES RDMOD#+  VUINI   
RD.S2B RDMOD#+ 
RD.SAV RDMOD#+  VUINI   
RD.SEC RDMOD#+ 
RD.SIZ RDMOD#+  VUCRE   
RD.SPL RDMOD#+ 
RD.STA RDMOD#+ 
RD.SUC RDMOD#+ 
RD.TEM RDMOD#+  RTBAD+   VUCRE   
RD.TRU RDMOD#+ 
RD.UPD RDMOD#+  RTBAD+   VUCRE   
RD.VAL RDMOD#+ 
RS.DET RSDET#+  RSEXI+   VUBOO   
RS.EXI RSEXI#+  VUBOO   
RT$BOO RTBOO#+ 
RT.BOO RTBOO#+  VUBOO   
RT.CLA RTCLA#+  VUBAD    VUCRE    VUIMG    VUINI   
RT.CNT RTBAD+   RTREA#+  VUIMG   
RT.CST RTCLA+   RTCST#+  VUCOP   
RT.DRV RTDRV#+  VUCOP   
RT.DST RTBOO+   RTCLA+   RTDST#+  RTFET+   RTREL+  
RT.FBM RTXMM#+ 
RT.FET FIOPR+   RTBOO+   RTFET#+ 
RT.FTM RDMOD+   RTFTM#+ 
RT.HTZ RTFTM+   RTHTZ#+ 
RT.OPR RTREA#+  VUIMG   
RT.PRM RT#+     RTQRY+   VUINI   
RT.QRY RTQRY#+  VUIMG    VUINI   
RT.REA RDMOD+   RTBAD+   RTREA#+  VUIMG    VUINI    VUUTL   
RT.REL FICLO+   RTBOO+   RTREL#+ 
RT.WRI RDMOD+   RTREA#+  VUCOP    VUCRE    VUINI    VUUTL   
RT.XMM RTDRV+   RTXMM#+ 
RX$UNP RXFMT+   RXUNP#+ 
RX.FMT BTMOD+   RDMOD+   RTBAD+   RXFMT#+ 
RX.PCK RXPCK#+  VUCOP   
RX.SCN RDMOD+   RTBOO+   RTDST+   RXSCN#+  VUCOP   
RX.SPC BTMOD+   RXFMT#+  VUCMD   
RX.UNP RXUNP#+  VUCOP   
SPRINT RTDRV+   SPRINT#+ VUUTL   
SRC    VUIMG#  
ST.COP FIDEF+   FILOC+   FSEXT+   RTDRV+   RTQRY+   STCOP#+  STDUP+  
       VUCOP    VUINI    VUUTL   
ST.DUP FIOPN+   STDUP#+ 
ST.FND BTMOD+   FIDEF+   RDMOD+   STFND#+ 
ST.INS FSEXT+   STINS#+ 
ST.LEN FIWRI+   RTDRV+   STDUP+   STINS+   STLEN#+  STMOV+   VUINI   
ST.MEM FSEXT+   STMEM#+ 
ST.MOV STINS+   STMOV#+ 
ST.SAM STSAM#+  VUINI   
START  CCSAV+   VUROO#  
RT-11 LINK  V05.45  Global Symbol Cross Reference Table  Page 6


STDIN  FIDAT#+ 
STDOUT FIDAT#+  PRINTF+ 
VU.ALC VUCOP    VUROO    VUUTL#  
VU.CLN VUCOP    VUUTL#  
VU.CLO VUUTL#  
VU.CMD VUCMD#   VUROO   
VU.GET VUCOP    VUUTL#  
VU.INI VUINI#   VUROO   
VU.INV VUBAD    VUCOP    VUCRE    VUIMG    VUINI    VUUTL#  
VU.MSG VUUTL#  
VU.OPN VUCOP    VUCRE    VUINI    VUUTL#  
VU.PUT VUUTL#  
VU.REA VUCOP    VUUTL#  
VU.RST VUUTL#  
VU.WRI VUUTL#  
VUABOO VUINI    VUTEM#  
VUAOBJ VUUTL#  
VUIBAS VUCOP    VUUTL#  
VUIBOO VUCOP    VUUTL#  
VUIDEV VUCOP    VUUTL#  
VUIDRV VUCOP    VUUTL#  
VUIDST VUCRE    VUINI    VUUTL#  
VUIHOM VUUTL#  
VUIMON VUCOP    VUUTL#  
VUIROO VUCOP    VUUTL#  
VUISEG VUUTL#  
VUISRC VUUTL#  
                                                                                                                                                                                                                       